03-27 07:24:16.136 V/WorldManagerService( 1419): VW Content Listener: is.xyz.omw.debug -1
03-27 07:24:16.137 D/VolumetricContentMonitor( 1419): Focused window changed to RunningWindowInfo{  pid: 18393, uid: 10065, userId: 0, windowContainerToken: 210260419, windowToken: android.view.IWindow$Stub$Proxy@ec66a40, windowId: com.android.server.wm.WindowState$WindowId@d573d80, displayId: 0, windowType: 1, activity: RunningActivityInfo { rootTask: 3, uid: 10065, pid: 18393, userId: 0, activity: ui.activity.VrEntryActivity, windowId: com.android.server.wm.WindowState$WindowId@d573d80, state: ACTIVITY_STATE_VISIBLE}}, from android.view.IWindow$Stub$Proxy@3f03ab2
03-27 07:24:16.137 D/SpatialAudioService( 1419): Skipping processing for app: is.xyz.omw.debug (isNewApp: false, epsService: true)
03-27 07:24:16.137 V/WorldManagerService( 1419): VW Content Listener: is.xyz.omw.debug -1
--------- beginning of crash
03-27 07:24:16.191 E/AndroidRuntime(18393): FATAL EXCEPTION: SDLActivity
03-27 07:24:16.191 E/AndroidRuntime(18393): Process: is.xyz.omw.debug, PID: 18393
03-27 07:24:16.191 E/AndroidRuntime(18393): java.lang.UnsatisfiedLinkError: dlopen failed: library "libc++_shared.so" not found
03-27 07:24:16.191 E/AndroidRuntime(18393): 	at java.lang.Runtime.loadLibrary0(Runtime.java:1082)
03-27 07:24:16.191 E/AndroidRuntime(18393): 	at java.lang.Runtime.loadLibrary0(Runtime.java:1003)
03-27 07:24:16.191 E/AndroidRuntime(18393): 	at java.lang.System.loadLibrary(System.java:1661)
03-27 07:24:16.191 E/AndroidRuntime(18393): 	at ui.activity.GameActivity.loadLibraries(GameActivity.kt:87)
03-27 07:24:16.191 E/AndroidRuntime(18393): 	at ui.activity.GameActivity.ensureNativeLibrariesLoaded(GameActivity.kt:220)
03-27 07:24:16.191 E/AndroidRuntime(18393): 	at ui.activity.GameActivity.onCreate(GameActivity.kt:146)
03-27 07:24:16.191 E/AndroidRuntime(18393): 	at android.app.Activity.performCreate(Activity.java:8636)
03-27 07:24:16.191 E/AndroidRuntime(18393): 	at android.app.Activity.performCreate(Activity.java:8614)
03-27 07:24:16.191 E/AndroidRuntime(18393): 	at android.app.Instrumentation.callActivityOnCreate(Instrumentation.java:1456)
03-27 07:24:16.191 E/AndroidRuntime(18393): 	at android.app.ActivityThread.performLaunchActivity(ActivityThread.java:3821)
03-27 07:24:16.191 E/AndroidRuntime(18393): 	at android.app.ActivityThread.handleLaunchActivity(ActivityThread.java:3979)
03-27 07:24:16.191 E/AndroidRuntime(18393): 	at android.app.servertransaction.LaunchActivityItem.execute(LaunchActivityItem.java:106)
03-27 07:24:16.191 E/AndroidRuntime(18393): 	at android.app.servertransaction.TransactionExecutor.executeCallbacks(TransactionExecutor.java:139)
03-27 07:24:16.191 E/AndroidRuntime(18393): 	at android.app.servertransaction.TransactionExecutor.execute(TransactionExecutor.java:96)
03-27 07:24:16.191 E/AndroidRuntime(18393): 	at android.app.ActivityThread$H.handleMessage(ActivityThread.java:2485)
03-27 07:24:16.191 E/AndroidRuntime(18393): 	at android.os.Handler.dispatchMessage(Handler.java:106)
03-27 07:24:16.191 E/AndroidRuntime(18393): 	at android.os.Looper.loopOnce(Looper.java:218)
03-27 07:24:16.191 E/AndroidRuntime(18393): 	at android.os.Looper.loop(Looper.java:310)
--
03-27 07:24:33.475 I/UiModeController( 1419): Switching from is.xyz.omw.debug to is.xyz.omw.debug
03-27 07:24:33.476 D/SpatialAudioService( 1419): Skipping processing for app: is.xyz.omw.debug (isNewApp: false, epsService: true)
03-27 07:24:33.476 V/WorldManagerService( 1419): VW Content Listener: is.xyz.omw.debug -1
03-27 07:24:33.476 D/SpatialAudioService( 1419): Skipping processing for app: is.xyz.omw.debug (isNewApp: false, epsService: true)
03-27 07:24:33.476 V/WorldManagerService( 1419): VW Content Listener: is.xyz.omw.debug -1
03-27 07:24:33.522 E/AndroidRuntime(18952): FATAL EXCEPTION: SDLActivity
03-27 07:24:33.522 E/AndroidRuntime(18952): Process: is.xyz.omw.debug, PID: 18952
03-27 07:24:33.522 E/AndroidRuntime(18952): java.lang.UnsatisfiedLinkError: dlopen failed: library "libc++_shared.so" not found
03-27 07:24:33.522 E/AndroidRuntime(18952): 	at java.lang.Runtime.loadLibrary0(Runtime.java:1082)
03-27 07:24:33.522 E/AndroidRuntime(18952): 	at java.lang.Runtime.loadLibrary0(Runtime.java:1003)
03-27 07:24:33.522 E/AndroidRuntime(18952): 	at java.lang.System.loadLibrary(System.java:1661)
03-27 07:24:33.522 E/AndroidRuntime(18952): 	at ui.activity.GameActivity.loadLibraries(GameActivity.kt:87)
03-27 07:24:33.522 E/AndroidRuntime(18952): 	at ui.activity.GameActivity.ensureNativeLibrariesLoaded(GameActivity.kt:220)
03-27 07:24:33.522 E/AndroidRuntime(18952): 	at ui.activity.GameActivity.onCreate(GameActivity.kt:146)
03-27 07:24:33.522 E/AndroidRuntime(18952): 	at android.app.Activity.performCreate(Activity.java:8636)
03-27 07:24:33.522 E/AndroidRuntime(18952): 	at android.app.Activity.performCreate(Activity.java:8614)
03-27 07:24:33.522 E/AndroidRuntime(18952): 	at android.app.Instrumentation.callActivityOnCreate(Instrumentation.java:1456)
03-27 07:24:33.522 E/AndroidRuntime(18952): 	at android.app.ActivityThread.performLaunchActivity(ActivityThread.java:3821)
03-27 07:24:33.522 E/AndroidRuntime(18952): 	at android.app.ActivityThread.handleLaunchActivity(ActivityThread.java:3979)
03-27 07:24:33.522 E/AndroidRuntime(18952): 	at android.app.servertransaction.LaunchActivityItem.execute(LaunchActivityItem.java:106)
03-27 07:24:33.522 E/AndroidRuntime(18952): 	at android.app.servertransaction.TransactionExecutor.executeCallbacks(TransactionExecutor.java:139)
03-27 07:24:33.522 E/AndroidRuntime(18952): 	at android.app.servertransaction.TransactionExecutor.execute(TransactionExecutor.java:96)
03-27 07:24:33.522 E/AndroidRuntime(18952): 	at android.app.ActivityThread$H.handleMessage(ActivityThread.java:2485)
03-27 07:24:33.522 E/AndroidRuntime(18952): 	at android.os.Handler.dispatchMessage(Handler.java:106)
03-27 07:24:33.522 E/AndroidRuntime(18952): 	at android.os.Looper.loopOnce(Looper.java:218)
03-27 07:24:33.522 E/AndroidRuntime(18952): 	at android.os.Looper.loop(Looper.java:310)
--
03-27 07:25:01.670 I/UiModeController( 1419): Switching from is.xyz.omw.debug to is.xyz.omw.debug
03-27 07:25:01.670 D/SpatialAudioService( 1419): Skipping processing for app: is.xyz.omw.debug (isNewApp: false, epsService: true)
03-27 07:25:01.670 V/WorldManagerService( 1419): VW Content Listener: is.xyz.omw.debug -1
03-27 07:25:01.670 D/SpatialAudioService( 1419): Skipping processing for app: is.xyz.omw.debug (isNewApp: false, epsService: true)
03-27 07:25:01.670 V/WorldManagerService( 1419): VW Content Listener: is.xyz.omw.debug -1
03-27 07:25:01.708 E/AndroidRuntime(19219): FATAL EXCEPTION: SDLActivity
03-27 07:25:01.708 E/AndroidRuntime(19219): Process: is.xyz.omw.debug, PID: 19219
03-27 07:25:01.708 E/AndroidRuntime(19219): java.lang.UnsatisfiedLinkError: dlopen failed: library "libc++_shared.so" not found
03-27 07:25:01.708 E/AndroidRuntime(19219): 	at java.lang.Runtime.loadLibrary0(Runtime.java:1082)
03-27 07:25:01.708 E/AndroidRuntime(19219): 	at java.lang.Runtime.loadLibrary0(Runtime.java:1003)
03-27 07:25:01.708 E/AndroidRuntime(19219): 	at java.lang.System.loadLibrary(System.java:1661)
03-27 07:25:01.708 E/AndroidRuntime(19219): 	at ui.activity.GameActivity.loadLibraries(GameActivity.kt:87)
03-27 07:25:01.708 E/AndroidRuntime(19219): 	at ui.activity.GameActivity.ensureNativeLibrariesLoaded(GameActivity.kt:220)
03-27 07:25:01.708 E/AndroidRuntime(19219): 	at ui.activity.GameActivity.onCreate(GameActivity.kt:146)
03-27 07:25:01.708 E/AndroidRuntime(19219): 	at android.app.Activity.performCreate(Activity.java:8636)
03-27 07:25:01.708 E/AndroidRuntime(19219): 	at android.app.Activity.performCreate(Activity.java:8614)
03-27 07:25:01.708 E/AndroidRuntime(19219): 	at android.app.Instrumentation.callActivityOnCreate(Instrumentation.java:1456)
03-27 07:25:01.708 E/AndroidRuntime(19219): 	at android.app.ActivityThread.performLaunchActivity(ActivityThread.java:3821)
03-27 07:25:01.708 E/AndroidRuntime(19219): 	at android.app.ActivityThread.handleLaunchActivity(ActivityThread.java:3979)
03-27 07:25:01.708 E/AndroidRuntime(19219): 	at android.app.servertransaction.LaunchActivityItem.execute(LaunchActivityItem.java:106)
03-27 07:25:01.708 E/AndroidRuntime(19219): 	at android.app.servertransaction.TransactionExecutor.executeCallbacks(TransactionExecutor.java:139)
03-27 07:25:01.708 E/AndroidRuntime(19219): 	at android.app.servertransaction.TransactionExecutor.execute(TransactionExecutor.java:96)
03-27 07:25:01.708 E/AndroidRuntime(19219): 	at android.app.ActivityThread$H.handleMessage(ActivityThread.java:2485)
03-27 07:25:01.708 E/AndroidRuntime(19219): 	at android.os.Handler.dispatchMessage(Handler.java:106)
03-27 07:25:01.708 E/AndroidRuntime(19219): 	at android.os.Looper.loopOnce(Looper.java:218)
03-27 07:25:01.708 E/AndroidRuntime(19219): 	at android.os.Looper.loop(Looper.java:310)
