
================================================================================

Build configuration:
 - Architecture: arm64
 - Build type: debug
 - AddressSanitizer: false

 ------------------------------------------------------------------------------ 

Computed flags:
 - CFLAGS: -fPIC -O0 -g
 - CXXFLAGS: -fPIC -frtti -fexceptions -O0 -g
 - LDFLAGS: 

================================================================================
(Please run ./clean.sh manually if you modify any of the options)

==> Download and set up the NDK
~/Documents/android/apps/openmw-vr-quest/buildscripts/downloads ~/Documents/android/apps/openmw-vr-quest/buildscripts
~/Documents/android/apps/openmw-vr-quest/buildscripts/toolchain ~/Documents/android/apps/openmw-vr-quest/buildscripts
~/Documents/android/apps/openmw-vr-quest/buildscripts
==> Build using 12 CPUs
~/Documents/android/apps/openmw-vr-quest/buildscripts/build/arm64 ~/Documents/android/apps/openmw-vr-quest/buildscripts
CMake Deprecation Warning at CMakeLists.txt:1 (cmake_minimum_required):
  Compatibility with CMake < 3.10 will be removed from a future version of
  CMake.

  Update the VERSION argument <min> value.  Or, use the <min>...<max> syntax
  to tell CMake that the project requires at least <min> but has been updated
  to work with policies introduced by <max> or earlier.


CMake Warning (dev) at /usr/share/cmake-4.3/Modules/ExternalProject/shared_internal_commands.cmake:1261 (message):
  The DOWNLOAD_EXTRACT_TIMESTAMP option was not given and policy CMP0135 is
  not set.  The policy's OLD behavior will be used.  When using a URL
  download, the timestamps of extracted files should preferably be that of
  the time of extraction, otherwise code that depends on the extracted
  contents might not be rebuilt if the URL changes.  The OLD behavior
  preserves the timestamps from the archive instead, but this is usually not
  what you want.  Update your project to the NEW behavior or specify the
  DOWNLOAD_EXTRACT_TIMESTAMP option with a value of true to avoid this
  robustness issue.
Call Stack (most recent call first):
  /usr/share/cmake-4.3/Modules/ExternalProject.cmake:3258 (_ep_add_download_command)
  CMakeLists.txt:127 (ExternalProject_Add)
This warning is for project developers.  Use -Wno-dev to suppress it.

CMake Warning (dev) at /usr/share/cmake-4.3/Modules/ExternalProject/shared_internal_commands.cmake:1261 (message):
  The DOWNLOAD_EXTRACT_TIMESTAMP option was not given and policy CMP0135 is
  not set.  The policy's OLD behavior will be used.  When using a URL
  download, the timestamps of extracted files should preferably be that of
  the time of extraction, otherwise code that depends on the extracted
  contents might not be rebuilt if the URL changes.  The OLD behavior
  preserves the timestamps from the archive instead, but this is usually not
  what you want.  Update your project to the NEW behavior or specify the
  DOWNLOAD_EXTRACT_TIMESTAMP option with a value of true to avoid this
  robustness issue.
Call Stack (most recent call first):
  /usr/share/cmake-4.3/Modules/ExternalProject.cmake:3258 (_ep_add_download_command)
  CMakeLists.txt:142 (ExternalProject_Add)
This warning is for project developers.  Use -Wno-dev to suppress it.

CMake Warning (dev) at /usr/share/cmake-4.3/Modules/ExternalProject/shared_internal_commands.cmake:1261 (message):
  The DOWNLOAD_EXTRACT_TIMESTAMP option was not given and policy CMP0135 is
  not set.  The policy's OLD behavior will be used.  When using a URL
  download, the timestamps of extracted files should preferably be that of
  the time of extraction, otherwise code that depends on the extracted
  contents might not be rebuilt if the URL changes.  The OLD behavior
  preserves the timestamps from the archive instead, but this is usually not
  what you want.  Update your project to the NEW behavior or specify the
  DOWNLOAD_EXTRACT_TIMESTAMP option with a value of true to avoid this
  robustness issue.
Call Stack (most recent call first):
  /usr/share/cmake-4.3/Modules/ExternalProject.cmake:3258 (_ep_add_download_command)
  CMakeLists.txt:156 (ExternalProject_Add)
This warning is for project developers.  Use -Wno-dev to suppress it.

CMake Warning (dev) at /usr/share/cmake-4.3/Modules/ExternalProject/shared_internal_commands.cmake:1261 (message):
  The DOWNLOAD_EXTRACT_TIMESTAMP option was not given and policy CMP0135 is
  not set.  The policy's OLD behavior will be used.  When using a URL
  download, the timestamps of extracted files should preferably be that of
  the time of extraction, otherwise code that depends on the extracted
  contents might not be rebuilt if the URL changes.  The OLD behavior
  preserves the timestamps from the archive instead, but this is usually not
  what you want.  Update your project to the NEW behavior or specify the
  DOWNLOAD_EXTRACT_TIMESTAMP option with a value of true to avoid this
  robustness issue.
Call Stack (most recent call first):
  /usr/share/cmake-4.3/Modules/ExternalProject.cmake:3258 (_ep_add_download_command)
  CMakeLists.txt:171 (ExternalProject_Add)
This warning is for project developers.  Use -Wno-dev to suppress it.

CMake Warning (dev) at /usr/share/cmake-4.3/Modules/ExternalProject/shared_internal_commands.cmake:1261 (message):
  The DOWNLOAD_EXTRACT_TIMESTAMP option was not given and policy CMP0135 is
  not set.  The policy's OLD behavior will be used.  When using a URL
  download, the timestamps of extracted files should preferably be that of
  the time of extraction, otherwise code that depends on the extracted
  contents might not be rebuilt if the URL changes.  The OLD behavior
  preserves the timestamps from the archive instead, but this is usually not
  what you want.  Update your project to the NEW behavior or specify the
  DOWNLOAD_EXTRACT_TIMESTAMP option with a value of true to avoid this
  robustness issue.
Call Stack (most recent call first):
  /usr/share/cmake-4.3/Modules/ExternalProject.cmake:3258 (_ep_add_download_command)
  CMakeLists.txt:192 (ExternalProject_Add)
This warning is for project developers.  Use -Wno-dev to suppress it.

CMake Warning (dev) at /usr/share/cmake-4.3/Modules/ExternalProject/shared_internal_commands.cmake:1261 (message):
  The DOWNLOAD_EXTRACT_TIMESTAMP option was not given and policy CMP0135 is
  not set.  The policy's OLD behavior will be used.  When using a URL
  download, the timestamps of extracted files should preferably be that of
  the time of extraction, otherwise code that depends on the extracted
  contents might not be rebuilt if the URL changes.  The OLD behavior
  preserves the timestamps from the archive instead, but this is usually not
  what you want.  Update your project to the NEW behavior or specify the
  DOWNLOAD_EXTRACT_TIMESTAMP option with a value of true to avoid this
  robustness issue.
Call Stack (most recent call first):
  /usr/share/cmake-4.3/Modules/ExternalProject.cmake:3258 (_ep_add_download_command)
  CMakeLists.txt:230 (ExternalProject_Add)
This warning is for project developers.  Use -Wno-dev to suppress it.

CMake Warning (dev) at /usr/share/cmake-4.3/Modules/ExternalProject/shared_internal_commands.cmake:1261 (message):
  The DOWNLOAD_EXTRACT_TIMESTAMP option was not given and policy CMP0135 is
  not set.  The policy's OLD behavior will be used.  When using a URL
  download, the timestamps of extracted files should preferably be that of
  the time of extraction, otherwise code that depends on the extracted
  contents might not be rebuilt if the URL changes.  The OLD behavior
  preserves the timestamps from the archive instead, but this is usually not
  what you want.  Update your project to the NEW behavior or specify the
  DOWNLOAD_EXTRACT_TIMESTAMP option with a value of true to avoid this
  robustness issue.
Call Stack (most recent call first):
  /usr/share/cmake-4.3/Modules/ExternalProject.cmake:3258 (_ep_add_download_command)
  CMakeLists.txt:271 (ExternalProject_Add)
This warning is for project developers.  Use -Wno-dev to suppress it.

CMake Warning (dev) at /usr/share/cmake-4.3/Modules/ExternalProject/shared_internal_commands.cmake:1261 (message):
  The DOWNLOAD_EXTRACT_TIMESTAMP option was not given and policy CMP0135 is
  not set.  The policy's OLD behavior will be used.  When using a URL
  download, the timestamps of extracted files should preferably be that of
  the time of extraction, otherwise code that depends on the extracted
  contents might not be rebuilt if the URL changes.  The OLD behavior
  preserves the timestamps from the archive instead, but this is usually not
  what you want.  Update your project to the NEW behavior or specify the
  DOWNLOAD_EXTRACT_TIMESTAMP option with a value of true to avoid this
  robustness issue.
Call Stack (most recent call first):
  /usr/share/cmake-4.3/Modules/ExternalProject.cmake:3258 (_ep_add_download_command)
  CMakeLists.txt:291 (ExternalProject_Add)
This warning is for project developers.  Use -Wno-dev to suppress it.

CMake Warning (dev) at /usr/share/cmake-4.3/Modules/ExternalProject/shared_internal_commands.cmake:1261 (message):
  The DOWNLOAD_EXTRACT_TIMESTAMP option was not given and policy CMP0135 is
  not set.  The policy's OLD behavior will be used.  When using a URL
  download, the timestamps of extracted files should preferably be that of
  the time of extraction, otherwise code that depends on the extracted
  contents might not be rebuilt if the URL changes.  The OLD behavior
  preserves the timestamps from the archive instead, but this is usually not
  what you want.  Update your project to the NEW behavior or specify the
  DOWNLOAD_EXTRACT_TIMESTAMP option with a value of true to avoid this
  robustness issue.
Call Stack (most recent call first):
  /usr/share/cmake-4.3/Modules/ExternalProject.cmake:3258 (_ep_add_download_command)
  CMakeLists.txt:312 (ExternalProject_Add)
This warning is for project developers.  Use -Wno-dev to suppress it.

CMake Warning (dev) at /usr/share/cmake-4.3/Modules/ExternalProject/shared_internal_commands.cmake:1261 (message):
  The DOWNLOAD_EXTRACT_TIMESTAMP option was not given and policy CMP0135 is
  not set.  The policy's OLD behavior will be used.  When using a URL
  download, the timestamps of extracted files should preferably be that of
  the time of extraction, otherwise code that depends on the extracted
  contents might not be rebuilt if the URL changes.  The OLD behavior
  preserves the timestamps from the archive instead, but this is usually not
  what you want.  Update your project to the NEW behavior or specify the
  DOWNLOAD_EXTRACT_TIMESTAMP option with a value of true to avoid this
  robustness issue.
Call Stack (most recent call first):
  /usr/share/cmake-4.3/Modules/ExternalProject.cmake:3258 (_ep_add_download_command)
  CMakeLists.txt:332 (ExternalProject_Add)
This warning is for project developers.  Use -Wno-dev to suppress it.

CMake Warning (dev) at /usr/share/cmake-4.3/Modules/ExternalProject/shared_internal_commands.cmake:1261 (message):
  The DOWNLOAD_EXTRACT_TIMESTAMP option was not given and policy CMP0135 is
  not set.  The policy's OLD behavior will be used.  When using a URL
  download, the timestamps of extracted files should preferably be that of
  the time of extraction, otherwise code that depends on the extracted
  contents might not be rebuilt if the URL changes.  The OLD behavior
  preserves the timestamps from the archive instead, but this is usually not
  what you want.  Update your project to the NEW behavior or specify the
  DOWNLOAD_EXTRACT_TIMESTAMP option with a value of true to avoid this
  robustness issue.
Call Stack (most recent call first):
  /usr/share/cmake-4.3/Modules/ExternalProject.cmake:3258 (_ep_add_download_command)
  CMakeLists.txt:357 (ExternalProject_Add)
This warning is for project developers.  Use -Wno-dev to suppress it.

CMake Warning (dev) at /usr/share/cmake-4.3/Modules/ExternalProject/shared_internal_commands.cmake:1261 (message):
  The DOWNLOAD_EXTRACT_TIMESTAMP option was not given and policy CMP0135 is
  not set.  The policy's OLD behavior will be used.  When using a URL
  download, the timestamps of extracted files should preferably be that of
  the time of extraction, otherwise code that depends on the extracted
  contents might not be rebuilt if the URL changes.  The OLD behavior
  preserves the timestamps from the archive instead, but this is usually not
  what you want.  Update your project to the NEW behavior or specify the
  DOWNLOAD_EXTRACT_TIMESTAMP option with a value of true to avoid this
  robustness issue.
Call Stack (most recent call first):
  /usr/share/cmake-4.3/Modules/ExternalProject.cmake:3258 (_ep_add_download_command)
  CMakeLists.txt:414 (ExternalProject_Add)
This warning is for project developers.  Use -Wno-dev to suppress it.

-- OpenMW source: local openmw-vr (/home/user/Documents/android/apps/openmw-vr-quest/buildscripts/openmw-vr)
-- Configuring done (0.2s)
-- Generating done (0.0s)
-- Build files have been written to: /home/user/Documents/android/apps/openmw-vr-quest/buildscripts/build/arm64
[  8%] Built target libjpeg-turbo
[ 15%] Built target libpng
[ 22%] Built target freetype2
[ 29%] Built target openal
[ 36%] Built target boost
[ 44%] Built target ffmpeg
[ 52%] Built target sdl2
[ 60%] Built target bullet
[ 68%] Built target gl4es
[ 76%] Built target mygui
[ 84%] Built target lz4
[ 92%] Built target osg
[100%] Built target openmw
~/Documents/android/apps/openmw-vr-quest/buildscripts
==> Installing shared libraries
